[INFO] Maveniverse Nisse 0.9.4 loaded
[INFO] Nisse injecting 23 properties into User Properties
[INFO] Scanning for projects...
[WARNING] 
[WARNING] Some problems were encountered while building the effective model for org.apache.tika:tika-parent:pom:4.0.0-SNAPSHOT
[WARNING] 'version' contains an expression but should be a constant. @ org.apache.tika:tika-parent:${revision}, /private/tmp/tika-final-step2-wbf90_na/tika-parent/pom.xml, line 34, column 12
[WARNING] 
[WARNING] Some problems were encountered while building the effective model for org.apache.tika:tika:pom:4.0.0-SNAPSHOT
[WARNING] 'version' contains an expression but should be a constant. @ org.apache.tika:tika-parent:${revision}, /private/tmp/tika-final-step2-wbf90_na/tika-parent/pom.xml, line 34, column 12
[WARNING] 
[WARNING] It is highly recommended to fix these problems because they threaten the stability of your build.
[WARNING] 
[WARNING] For this reason, future Maven versions might no longer support building such malformed projects.
[WARNING] 
[INFO] No need for inlining
[INFO] ------------------------------------------------------------------------
[INFO] Reactor Build Order:
[INFO] 
[INFO] Apache Tika parent                                                 [pom]
[INFO] Apache Tika Annotation Processor                                   [jar]
[INFO] Apache Tika core                                                [bundle]
[INFO] 
[INFO] --------------------< org.apache.tika:tika-parent >---------------------
[INFO] Building Apache Tika parent 4.0.0-SNAPSHOT                         [1/3]
[INFO]   from pom.xml
[INFO] --------------------------------[ pom ]---------------------------------
[INFO] 
[INFO] --- clean:3.5.0:clean (default-clean) @ tika-parent ---
[INFO] Deleting /private/tmp/tika-final-step2-wbf90_na/tika-parent/target
[INFO] 
[INFO] --- flatten:1.8.0:clean (flatten.clean) @ tika-parent ---
[INFO] Deleting /private/tmp/tika-final-step2-wbf90_na/tika-parent/.flattened-pom.xml
[INFO] 
[INFO] --- enforcer:3.6.3:enforce (enforce-maven-version) @ tika-parent ---
[INFO] Rule 0: org.apache.maven.enforcer.rules.version.RequireMavenVersion passed
[INFO] 
[INFO] --- enforcer:3.6.3:enforce (enforce-java-version) @ tika-parent ---
[INFO] Rule 0: org.apache.maven.enforcer.rules.version.RequireJavaVersion passed
[INFO] 
[INFO] --- enforcer:3.6.3:enforce (enforce-maven) @ tika-parent ---
[INFO] Rule 0: org.apache.maven.enforcer.rules.dependency.DependencyConvergence passed
[INFO] Rule 1: org.apache.maven.enforcer.rules.version.RequireMavenVersion passed
[INFO] 
[INFO] --- enforcer:3.6.3:enforce (ban-bad-log4j-versions) @ tika-parent ---
[INFO] Rule 0: org.apache.maven.enforcer.rules.dependency.BannedDependencies passed
[INFO] 
[INFO] --- enforcer:3.6.3:enforce (ban-xerces-and-xml-apis) @ tika-parent ---
[INFO] Rule 0: org.apache.maven.enforcer.rules.dependency.BannedDependencies passed
[INFO] 
[INFO] --- jacoco:0.8.15:prepare-agent (default) @ tika-parent ---
[INFO] surefireArgLine set to -javaagent:/Users/hamzaaqel/.m2/repository/org/jacoco/org.jacoco.agent/0.8.15/org.jacoco.agent-0.8.15-runtime.jar=destfile=/private/tmp/tika-final-step2-wbf90_na/tika-parent/target/jacoco.exec
[INFO] 
[INFO] --- spotless:3.9.0:apply (default) @ tika-parent ---
[INFO] Index file does not exist. Fallback to an empty index
[INFO] 
[INFO] --- remote-resources:3.3.0:process (process-resource-bundles) @ tika-parent ---
[INFO] Preparing remote bundle org.apache.apache.resources:apache-jar-resource-bundle:1.8
[INFO] Copying 3 resources from 1 bundle.
[INFO] 
[INFO] --- flatten:1.8.0:flatten (flatten) @ tika-parent ---
[INFO] Generating flattened POM of project org.apache.tika:tika-parent:pom:4.0.0-SNAPSHOT...
[INFO] 
[INFO] --- checkstyle:3.6.0:check (validate) @ tika-parent ---
[INFO] You have 0 Checkstyle violations.
[INFO] 
[INFO] --- jacoco:0.8.15:report (report) @ tika-parent ---
[INFO] Skipping JaCoCo execution due to missing execution data file.
[INFO] 
[INFO] --- ossindex:3.2.0:audit (audit-dependencies) @ tika-parent ---
[INFO] Skipping; POM module
[INFO] 
[INFO] --- forbiddenapis:3.10:check (default) @ tika-parent ---
[INFO] Skipping execution for packaging "pom"
[INFO] 
[INFO] --- forbiddenapis:3.10:testCheck (default) @ tika-parent ---
[INFO] Skipping execution for packaging "pom"
[INFO] 
[INFO] --- install:3.1.4:install (default-install) @ tika-parent ---
[INFO] Installing /private/tmp/tika-final-step2-wbf90_na/tika-parent/.flattened-pom.xml to /Users/hamzaaqel/.m2/repository/org/apache/tika/tika-parent/4.0.0-SNAPSHOT/tika-parent-4.0.0-SNAPSHOT.pom
[INFO] 
[INFO] -------------< org.apache.tika:tika-annotation-processor >--------------
[INFO] Building Apache Tika Annotation Processor 4.0.0-SNAPSHOT           [2/3]
[INFO]   from /private/tmp/tika-final-step2-wbf90_na/tika-annotation-processor/pom.xml
[INFO] --------------------------------[ jar ]---------------------------------
[INFO] 
[INFO] --- clean:3.5.0:clean (default-clean) @ tika-annotation-processor ---
[INFO] Deleting /private/tmp/tika-final-step2-wbf90_na/tika-annotation-processor/target
[INFO] 
[INFO] --- flatten:1.8.0:clean (flatten.clean) @ tika-annotation-processor ---
[INFO] Deleting /private/tmp/tika-final-step2-wbf90_na/tika-annotation-processor/.flattened-pom.xml
[INFO] 
[INFO] --- enforcer:3.6.3:enforce (enforce-maven-version) @ tika-annotation-processor ---
[INFO] 
[INFO] --- enforcer:3.6.3:enforce (enforce-java-version) @ tika-annotation-processor ---
[INFO] 
[INFO] --- enforcer:3.6.3:enforce (enforce-maven) @ tika-annotation-processor ---
[INFO] Rule 0: org.apache.maven.enforcer.rules.dependency.DependencyConvergence passed
[INFO] 
[INFO] --- enforcer:3.6.3:enforce (ban-bad-log4j-versions) @ tika-annotation-processor ---
[INFO] Rule 0: org.apache.maven.enforcer.rules.dependency.BannedDependencies passed
[INFO] 
[INFO] --- enforcer:3.6.3:enforce (ban-xerces-and-xml-apis) @ tika-annotation-processor ---
[INFO] Rule 0: org.apache.maven.enforcer.rules.dependency.BannedDependencies passed
[INFO] 
[INFO] --- jacoco:0.8.15:prepare-agent (default) @ tika-annotation-processor ---
[INFO] surefireArgLine set to -javaagent:/Users/hamzaaqel/.m2/repository/org/jacoco/org.jacoco.agent/0.8.15/org.jacoco.agent-0.8.15-runtime.jar=destfile=/private/tmp/tika-final-step2-wbf90_na/tika-annotation-processor/target/jacoco.exec
[INFO] 
[INFO] --- spotless:3.9.0:apply (default) @ tika-annotation-processor ---
[INFO] Index file does not exist. Fallback to an empty index
[INFO] Spotless.Java is keeping 4 files clean - 0 were changed to be clean, 4 were already clean, 0 were skipped because caching determined they were already clean
[INFO] 
[INFO] --- remote-resources:3.3.0:process (process-resource-bundles) @ tika-annotation-processor ---
[INFO] Preparing remote bundle org.apache.apache.resources:apache-jar-resource-bundle:1.8
[INFO] Copying 3 resources from 1 bundle.
[INFO] 
[INFO] --- resources:3.5.0:resources (default-resources) @ tika-annotation-processor ---
[INFO] Copying 1 resource from src/main/resources to target/classes
[INFO] Copying 3 resources from target/maven-shared-archive-resources to target/classes
[INFO] 
[INFO] --- flatten:1.8.0:flatten (flatten) @ tika-annotation-processor ---
[INFO] Generating flattened POM of project org.apache.tika:tika-annotation-processor:jar:4.0.0-SNAPSHOT...
[INFO] 
[INFO] --- compiler:3.15.0:compile (default-compile) @ tika-annotation-processor ---
[INFO] Recompiling the module because of changed source code.
[INFO] Compiling 3 source files with javac [debug deprecation release 17] to target/classes
[INFO] 
[INFO] --- checkstyle:3.6.0:check (validate) @ tika-annotation-processor ---
[INFO] You have 0 Checkstyle violations.
[INFO] 
[INFO] --- resources:3.5.0:testResources (default-testResources) @ tika-annotation-processor ---
[INFO] skip non existing resourceDirectory /private/tmp/tika-final-step2-wbf90_na/tika-annotation-processor/src/test/resources
[INFO] Copying 3 resources from target/maven-shared-archive-resources to target/test-classes
[INFO] 
[INFO] --- compiler:3.15.0:testCompile (default-testCompile) @ tika-annotation-processor ---
[INFO] Recompiling the module because of changed dependency.
[INFO] Compiling 1 source file with javac [debug deprecation release 17] to target/test-classes
[INFO] 
[INFO] --- surefire:3.5.6:test (default-test) @ tika-annotation-processor ---
[INFO] Using auto detected provider org.apache.maven.surefire.junitplatform.JUnitPlatformProvider
[INFO] 
[INFO] -------------------------------------------------------
[INFO]  T E S T S
[INFO] -------------------------------------------------------
[INFO] Running org.apache.tika.annotation.KebabCaseConverterTest
[INFO] Tests run: 8, Failures: 0, Errors: 0, Skipped: 0, Time elapsed: 0.057 s -- in org.apache.tika.annotation.KebabCaseConverterTest
[INFO] 
[INFO] Results:
[INFO] 
[INFO] Tests run: 8, Failures: 0, Errors: 0, Skipped: 0
[INFO] 
[INFO] 
[INFO] --- jacoco:0.8.15:report (report) @ tika-annotation-processor ---
[INFO] Loading execution data file /private/tmp/tika-final-step2-wbf90_na/tika-annotation-processor/target/jacoco.exec
[INFO] Analyzed bundle 'Apache Tika Annotation Processor' with 2 classes
[INFO] 
[INFO] --- jar:3.5.0:jar (default-jar) @ tika-annotation-processor ---
[INFO] Building jar: /private/tmp/tika-final-step2-wbf90_na/tika-annotation-processor/target/tika-annotation-processor-4.0.0-SNAPSHOT.jar
[INFO] 
[INFO] --- ossindex:3.2.0:audit (audit-dependencies) @ tika-annotation-processor ---
[INFO] Skipping; configured
[INFO] 
[INFO] --- forbiddenapis:3.10:check (default) @ tika-annotation-processor ---
[INFO] Scanning for classes to check...
[INFO] Reading bundled API signatures: jdk-unsafe-17
[INFO] Reading bundled API signatures: jdk-deprecated-17
[INFO] Reading bundled API signatures: jdk-non-portable
[INFO] Reading bundled API signatures: jdk-internal-17
[INFO] Reading bundled API signatures: commons-io-unsafe-2.11.0
[INFO] Loading classes to check...
[INFO] Scanning classes for violations...
[INFO] Scanned 3 class file(s) for forbidden API invocations (in 0.08s), 0 error(s).
[INFO] 
[INFO] --- forbiddenapis:3.10:testCheck (default) @ tika-annotation-processor ---
[INFO] Scanning for classes to check...
[INFO] Reading bundled API signatures: jdk-unsafe-17
[INFO] Reading bundled API signatures: jdk-deprecated-17
[INFO] Reading bundled API signatures: jdk-non-portable
[INFO] Reading bundled API signatures: jdk-internal-17
[INFO] Reading bundled API signatures: commons-io-unsafe-2.11.0
[INFO] Loading classes to check...
[INFO] Scanning classes for violations...
[INFO] Scanned 1 class file(s) for forbidden API invocations (in 0.02s), 0 error(s).
[INFO] 
[INFO] --- install:3.1.4:install (default-install) @ tika-annotation-processor ---
[INFO] Installing /private/tmp/tika-final-step2-wbf90_na/tika-annotation-processor/.flattened-pom.xml to /Users/hamzaaqel/.m2/repository/org/apache/tika/tika-annotation-processor/4.0.0-SNAPSHOT/tika-annotation-processor-4.0.0-SNAPSHOT.pom
[INFO] Installing /private/tmp/tika-final-step2-wbf90_na/tika-annotation-processor/target/tika-annotation-processor-4.0.0-SNAPSHOT.jar to /Users/hamzaaqel/.m2/repository/org/apache/tika/tika-annotation-processor/4.0.0-SNAPSHOT/tika-annotation-processor-4.0.0-SNAPSHOT.jar
[INFO] 
[INFO] ---------------------< org.apache.tika:tika-core >----------------------
[INFO] Building Apache Tika core 4.0.0-SNAPSHOT                           [3/3]
[INFO]   from /private/tmp/tika-final-step2-wbf90_na/tika-core/pom.xml
[INFO] -------------------------------[ bundle ]-------------------------------
[INFO] 
[INFO] --- clean:3.5.0:clean (default-clean) @ tika-core ---
[INFO] Deleting /private/tmp/tika-final-step2-wbf90_na/tika-core/target
[INFO] 
[INFO] --- flatten:1.8.0:clean (flatten.clean) @ tika-core ---
[INFO] 
[INFO] --- enforcer:3.6.3:enforce (enforce-maven-version) @ tika-core ---
[INFO] Rule 0: org.apache.maven.enforcer.rules.version.RequireMavenVersion passed
[INFO] 
[INFO] --- enforcer:3.6.3:enforce (enforce-java-version) @ tika-core ---
[INFO] Rule 0: org.apache.maven.enforcer.rules.version.RequireJavaVersion passed
[INFO] 
[INFO] --- enforcer:3.6.3:enforce (enforce-maven) @ tika-core ---
[INFO] Rule 0: org.apache.maven.enforcer.rules.dependency.DependencyConvergence passed
[INFO] Rule 1: org.apache.maven.enforcer.rules.version.RequireMavenVersion passed
[INFO] 
[INFO] --- enforcer:3.6.3:enforce (ban-bad-log4j-versions) @ tika-core ---
[INFO] Rule 0: org.apache.maven.enforcer.rules.dependency.BannedDependencies passed
[INFO] 
[INFO] --- enforcer:3.6.3:enforce (ban-xerces-and-xml-apis) @ tika-core ---
[INFO] Rule 0: org.apache.maven.enforcer.rules.dependency.BannedDependencies passed
[INFO] 
[INFO] --- checkstyle:3.6.0:check (validate) @ tika-core ---
[INFO] ------------------------------------------------------------------------
[INFO] Reactor Summary for Apache Tika parent 4.0.0-SNAPSHOT:
[INFO] 
[INFO] Apache Tika parent ................................. SUCCESS [  1.764 s]
[INFO] Apache Tika Annotation Processor ................... SUCCESS [  2.498 s]
[INFO] Apache Tika core ................................... FAILURE [  3.619 s]
[INFO] ------------------------------------------------------------------------
[INFO] BUILD FAILURE
[INFO] ------------------------------------------------------------------------
[INFO] Total time:  9.622 s
[INFO] Finished at: 2026-10-08T10:13:17-04:00
[INFO] ------------------------------------------------------------------------
[ERROR] Failed to execute goal org.apache.maven.plugins:maven-checkstyle-plugin:3.6.0:check (validate) on project tika-core: Failed during checkstyle execution: There are 8 errors reported by Checkstyle 12.3.1 with checkstyle.xml ruleset. -> [Help 1]
[ERROR] 
[ERROR] To see the full stack trace of the errors, re-run Maven with the -e switch.
[ERROR] Re-run Maven using the -X switch to enable full debug logging.
[ERROR] 
[ERROR] For more information about the errors and possible solutions, please read the following articles:
[ERROR] [Help 1] http://cwiki.apache.org/confluence/display/MAVEN/MojoExecutionException
[ERROR] 
[ERROR] After correcting the problems, you can resume the build with the command
[ERROR]   mvn <args> -rf :tika-core
