[INFO] Maveniverse Nisse 0.9.4 loaded
[INFO] Nisse injecting 23 properties into User Properties
[INFO] Scanning for projects...
[WARNING] 
[WARNING] Some problems were encountered while building the effective model for org.apache.tika:tika-parent:pom:4.0.0-SNAPSHOT
[WARNING] 'version' contains an expression but should be a constant. @ org.apache.tika:tika-parent:${revision}, /private/tmp/tika-final-step2-wbf90_na/tika-parent/pom.xml, line 34, column 12
[WARNING] 
[WARNING] Some problems were encountered while building the effective model for org.apache.tika:tika:pom:4.0.0-SNAPSHOT
[WARNING] 'version' contains an expression but should be a constant. @ org.apache.tika:tika-parent:${revision}, /private/tmp/tika-final-step2-wbf90_na/tika-parent/pom.xml, line 34, column 12
[WARNING] 
[WARNING] It is highly recommended to fix these problems because they threaten the stability of your build.
[WARNING] 
[WARNING] For this reason, future Maven versions might no longer support building such malformed projects.
[WARNING] 
[INFO] No need for inlining
[INFO] 
[INFO] ---------------------< org.apache.tika:tika-core >----------------------
[INFO] Building Apache Tika core 4.0.0-SNAPSHOT
[INFO]   from pom.xml
[INFO] -------------------------------[ bundle ]-------------------------------
[INFO] 
[INFO] --- dependency:3.11.0:tree (default-cli) @ tika-core ---
[INFO] org.apache.tika:tika-core:bundle:4.0.0-SNAPSHOT
[INFO] +- org.junit.jupiter:junit-jupiter-api:jar:6.1.3:test
[INFO] |  \- org.junit.platform:junit-platform-commons:jar:6.1.3:test
[INFO] +- org.junit.jupiter:junit-jupiter-engine:jar:6.1.3:test
[INFO] |  \- org.junit.platform:junit-platform-engine:jar:6.1.3:test
[INFO] +- org.junit.platform:junit-platform-launcher:jar:6.1.3:test
[INFO] \- org.mockito:mockito-junit-jupiter:jar:5.23.0:test
[INFO]    \- org.mockito:mockito-core:jar:5.23.0:test
[INFO] ------------------------------------------------------------------------
[INFO] BUILD SUCCESS
[INFO] ------------------------------------------------------------------------
[INFO] Total time:  1.177 s
[INFO] Finished at: 2026-10-08T10:15:15-04:00
[INFO] ------------------------------------------------------------------------
