[INFO] Maveniverse Nisse 0.9.4 loaded
[INFO] Nisse injecting 23 properties into User Properties
[INFO] Scanning for projects...
[WARNING] 
[WARNING] Some problems were encountered while building the effective model for org.apache.tika:tika-parent:pom:4.0.0-SNAPSHOT
[WARNING] 'version' contains an expression but should be a constant. @ org.apache.tika:tika-parent:${revision}, /private/tmp/tika-tache2-initial-i_s4pv5x/tika-parent/pom.xml, line 34, column 12
[WARNING] 
[WARNING] Some problems were encountered while building the effective model for org.apache.tika:tika:pom:4.0.0-SNAPSHOT
[WARNING] 'version' contains an expression but should be a constant. @ org.apache.tika:tika-parent:${revision}, /private/tmp/tika-tache2-initial-i_s4pv5x/tika-parent/pom.xml, line 34, column 12
[WARNING] 
[WARNING] It is highly recommended to fix these problems because they threaten the stability of your build.
[WARNING] 
[WARNING] For this reason, future Maven versions might no longer support building such malformed projects.
[WARNING] 
[INFO] No need for inlining
[INFO] 
[INFO] ---------------------< org.apache.tika:tika-core >----------------------
[INFO] Building Apache Tika core 4.0.0-SNAPSHOT
[INFO]   from pom.xml
[INFO] -------------------------------[ bundle ]-------------------------------
[INFO] 
[INFO] --- chatunitest:2.1.1:method (default-cli) @ tika-core ---
[INFO] 
========================== Configuration ==========================

[INFO] PluginSign >>>>CHATUNITEST
[INFO]  Multithreading >>>> false
[INFO]  Stop when success >>>> true
[INFO]  No execution >>>> false
[INFO]  Enable Merge >>>> false
[INFO]  --- 
[INFO]  TestOutput Path >>> /private/tmp/tika-tache2-initial-i_s4pv5x/tika-core/target/chatunitest-tests/tika-parent/tika-core
[INFO]  TmpOutput Path >>> /private/tmp/tika-tache2-initial-i_s4pv5x/tika-core/target/chatunitest-info/tika-parent/tika-core
[INFO]  CounterExample Path >>> /private/tmp/tika-tache2-initial-i_s4pv5x/tika-core/smartut-tests
[INFO]  Prompt path >>> null
[INFO]  Example path >>> /private/tmp/tika-tache2-initial-i_s4pv5x/tika-core/exampleUsage.json
[INFO]  --- 
[INFO]  Model >>> CODE_QWEN
[INFO]  Url >>> http://127.0.0.1:11434/v1/chat/completions
[INFO]  MaxPromptTokens >>> 6000
[INFO]  MaxResponseTokens >>> 1024
[INFO]  MinErrorTokens >>> 500
[INFO]  MaxThreads >>> 40
[INFO]  TestNumber >>> 1
[INFO]  MaxRounds >>> 3
[INFO]  MinErrorTokens >>> 500
[INFO]  MaxPromptTokens >>> 6000
[INFO]  SleepTime >>> 0
[INFO]  DependencyDepth >>> 1
[INFO]  SampleSize >>> 10
[INFO]  PhaseType >>> CHATUNITEST
[INFO] 
===================================================================

[INFO] 
==========================
[CHATUNITEST] Parsing class info ...
[INFO] 
Parsed classes: 361
Parsed methods: 1617
[INFO] 
==========================
[CHATUNITEST] Parse finished
[INFO] 
==========================
[CHATUNITEST] Generating tests for class: < org.apache.tika.io.LookaheadInputStream> method: < markSupported > ...
[INFO] 
==========================
[CHATUNITEST] Generating test for method < markSupported > number 0...

[INFO] Generating test for method < markSupported > round 0 ...
[INFO] Test for method < markSupported > compilation failed round 0
[INFO] Fixing test for method < markSupported > round 1 ...
[INFO] Test for method < markSupported > compilation failed round 1
[INFO] Fixing test for method < markSupported > round 2 ...
[INFO] Test for method < markSupported > compilation failed round 2
[INFO] 
==========================
[CHATUNITEST] Generation finished
[INFO] 
==========================
[CHATUNITEST] Test processed
[INFO] ------------------------------------------------------------------------
[INFO] BUILD SUCCESS
[INFO] ------------------------------------------------------------------------
[INFO] Total time:  03:56 min
[INFO] Finished at: 2026-09-27T19:44:10-04:00
[INFO] ------------------------------------------------------------------------
