[INFO] Maveniverse Nisse 0.9.4 loaded
[INFO] Nisse injecting 23 properties into User Properties
[INFO] Scanning for projects...
[WARNING] 
[WARNING] Some problems were encountered while building the effective model for org.apache.tika:tika-parent:pom:4.0.0-SNAPSHOT
[WARNING] 'version' contains an expression but should be a constant. @ org.apache.tika:tika-parent:${revision}, /private/tmp/tika-tache2-initial-i_s4pv5x/tika-parent/pom.xml, line 34, column 12
[WARNING] 
[WARNING] Some problems were encountered while building the effective model for org.apache.tika:tika:pom:4.0.0-SNAPSHOT
[WARNING] 'version' contains an expression but should be a constant. @ org.apache.tika:tika-parent:${revision}, /private/tmp/tika-tache2-initial-i_s4pv5x/tika-parent/pom.xml, line 34, column 12
[WARNING] 
[WARNING] It is highly recommended to fix these problems because they threaten the stability of your build.
[WARNING] 
[WARNING] For this reason, future Maven versions might no longer support building such malformed projects.
[WARNING] 
[INFO] No need for inlining
[INFO] 
[INFO] ---------------------< org.apache.tika:tika-core >----------------------
[INFO] Building Apache Tika core 4.0.0-SNAPSHOT
[INFO]   from pom.xml
[INFO] -------------------------------[ bundle ]-------------------------------
[INFO] 
[INFO] --- enforcer:3.6.3:enforce (enforce-maven-version) @ tika-core ---
[INFO] Rule 0: org.apache.maven.enforcer.rules.version.RequireMavenVersion passed
[INFO] 
[INFO] --- enforcer:3.6.3:enforce (enforce-java-version) @ tika-core ---
[INFO] Rule 0: org.apache.maven.enforcer.rules.version.RequireJavaVersion passed
[INFO] 
[INFO] --- enforcer:3.6.3:enforce (enforce-maven) @ tika-core ---
[INFO] Rule 0: org.apache.maven.enforcer.rules.dependency.DependencyConvergence passed
[INFO] Rule 1: org.apache.maven.enforcer.rules.version.RequireMavenVersion passed
[INFO] 
[INFO] --- enforcer:3.6.3:enforce (ban-bad-log4j-versions) @ tika-core ---
[INFO] Rule 0: org.apache.maven.enforcer.rules.dependency.BannedDependencies passed
[INFO] 
[INFO] --- enforcer:3.6.3:enforce (ban-xerces-and-xml-apis) @ tika-core ---
[INFO] Rule 0: org.apache.maven.enforcer.rules.dependency.BannedDependencies passed
[INFO] 
[INFO] --- checkstyle:3.6.0:check (validate) @ tika-core ---
[INFO] You have 0 Checkstyle violations.
[INFO] 
[INFO] --- jacoco:0.8.15:prepare-agent (default) @ tika-core ---
[INFO] surefireArgLine set to -javaagent:/Users/hamzaaqel/.m2/repository/org/jacoco/org.jacoco.agent/0.8.15/org.jacoco.agent-0.8.15-runtime.jar=destfile=/private/tmp/tika-tache2-initial-i_s4pv5x/tika-core/target/jacoco.exec
[INFO] 
[INFO] --- spotless:3.9.0:apply (default) @ tika-core ---
[INFO] Spotless.Java is keeping 389 files clean - 0 were changed to be clean, 0 were already clean, 389 were skipped because caching determined they were already clean
[INFO] 
[INFO] --- remote-resources:3.3.0:process (process-resource-bundles) @ tika-core ---
[INFO] Preparing remote bundle org.apache.apache.resources:apache-jar-resource-bundle:1.8
[INFO] Copying 3 resources from 1 bundle.
[INFO] Copying appended resource: META-INF/LICENSE
[INFO] 
[INFO] --- resources:3.5.0:resources (default-resources) @ tika-core ---
[INFO] Copying 5 resources from src/main/resources to target/classes
[INFO] Copying 3 resources from target/maven-shared-archive-resources to target/classes
[INFO] 
[INFO] --- flatten:1.8.0:flatten (flatten) @ tika-core ---
[INFO] Generating flattened POM of project org.apache.tika:tika-core:bundle:4.0.0-SNAPSHOT...
[INFO] 
[INFO] --- compiler:3.15.0:compile (default-compile) @ tika-core ---
[INFO] Nothing to compile - all classes are up to date.
[INFO] 
[INFO] --- resources:3.5.0:testResources (default-testResources) @ tika-core ---
[INFO] Copying 57 resources from src/test/resources to target/test-classes
[INFO] Copying 3 resources from target/maven-shared-archive-resources to target/test-classes
[INFO] 
[INFO] --- compiler:3.15.0:testCompile (default-testCompile) @ tika-core ---
[INFO] Nothing to compile - all classes are up to date.
[INFO] 
[INFO] --- chatunitest:2.1.1:method (default-cli) @ tika-core ---
[INFO] 
========================== Configuration ==========================

[INFO] PluginSign >>>>CHATUNITEST
[INFO]  Multithreading >>>> false
[INFO]  Stop when success >>>> true
[INFO]  No execution >>>> false
[INFO]  Enable Merge >>>> false
[INFO]  --- 
[INFO]  TestOutput Path >>> /private/tmp/tika-tache2-initial-i_s4pv5x/tika-core/target/chatunitest-tests/tika-parent/tika-core
[INFO]  TmpOutput Path >>> /private/tmp/tika-tache2-initial-i_s4pv5x/tika-core/target/chatunitest-info/tika-parent/tika-core
[INFO]  CounterExample Path >>> /private/tmp/tika-tache2-initial-i_s4pv5x/tika-core/smartut-tests
[INFO]  Prompt path >>> null
[INFO]  Example path >>> /private/tmp/tika-tache2-initial-i_s4pv5x/tika-core/exampleUsage.json
[INFO]  --- 
[INFO]  Model >>> CODE_QWEN
[INFO]  Url >>> http://127.0.0.1:11434/v1/chat/completions
[INFO]  MaxPromptTokens >>> 6000
[INFO]  MaxResponseTokens >>> 1024
[INFO]  MinErrorTokens >>> 500
[INFO]  MaxThreads >>> 40
[INFO]  TestNumber >>> 1
[INFO]  MaxRounds >>> 3
[INFO]  MinErrorTokens >>> 500
[INFO]  MaxPromptTokens >>> 6000
[INFO]  SleepTime >>> 0
[INFO]  DependencyDepth >>> 1
[INFO]  SampleSize >>> 10
[INFO]  PhaseType >>> CHATUNITEST
[INFO] 
===================================================================

[INFO] 
==========================
[CHATUNITEST] Parse output already exists, skip parsing!
[INFO] 
==========================
[CHATUNITEST] Generating tests for class: < org.apache.tika.io.LookaheadInputStream> method: < markSupported > ...
[INFO] 
==========================
[CHATUNITEST] Generating test for method < markSupported > number 0...

[INFO] Generating test for method < markSupported > round 0 ...
[INFO] Test for method < markSupported > compilation failed round 0
[INFO] Fixing test for method < markSupported > round 1 ...
[INFO] Test for method < markSupported > compilation failed round 1
[INFO] Fixing test for method < markSupported > round 2 ...
[INFO] Test for method < markSupported > compilation failed round 2
[INFO] 
==========================
[CHATUNITEST] Generation finished
[INFO] 
==========================
[CHATUNITEST] Test processed
[INFO] ------------------------------------------------------------------------
[INFO] BUILD SUCCESS
[INFO] ------------------------------------------------------------------------
[INFO] Total time:  01:41 min
[INFO] Finished at: 2026-09-27T19:46:27-04:00
[INFO] ------------------------------------------------------------------------
