[INFO] Maveniverse Nisse 0.9.4 loaded
[INFO] Nisse injecting 23 properties into User Properties
[INFO] Scanning for projects...
[WARNING] 
[WARNING] Some problems were encountered while building the effective model for org.apache.tika:tika-parent:pom:4.0.0-SNAPSHOT
[WARNING] 'version' contains an expression but should be a constant. @ org.apache.tika:tika-parent:${revision}, /private/tmp/tika-tache2-initial-_r1kj3k2/tika-parent/pom.xml, line 34, column 12
[WARNING] 
[WARNING] Some problems were encountered while building the effective model for org.apache.tika:tika:pom:4.0.0-SNAPSHOT
[WARNING] 'version' contains an expression but should be a constant. @ org.apache.tika:tika-parent:${revision}, /private/tmp/tika-tache2-initial-_r1kj3k2/tika-parent/pom.xml, line 34, column 12
[WARNING] 
[WARNING] It is highly recommended to fix these problems because they threaten the stability of your build.
[WARNING] 
[WARNING] For this reason, future Maven versions might no longer support building such malformed projects.
[WARNING] 
[INFO] No need for inlining
[INFO] 
[INFO] ---------------------< org.apache.tika:tika-core >----------------------
[INFO] Building Apache Tika core 4.0.0-SNAPSHOT
[INFO]   from pom.xml
[INFO] -------------------------------[ bundle ]-------------------------------
[INFO] 
[INFO] --- compiler:3.15.0:testCompile (default-cli) @ tika-core ---
[INFO] Recompiling the module because of changed source code.
[INFO] Compiling 71 source files with javac [debug deprecation release 17] to target/test-classes
[WARNING] /private/tmp/tika-tache2-initial-_r1kj3k2/tika-core/src/test/java/org/apache/tika/mime/MimeTypesReaderTest.java:[296,37] getMimeType(java.lang.String) in org.apache.tika.mime.MimeTypes has been deprecated
[WARNING] /private/tmp/tika-tache2-initial-_r1kj3k2/tika-core/src/test/java/org/apache/tika/mime/MimeTypesReaderTest.java:[304,37] getMimeType(java.lang.String) in org.apache.tika.mime.MimeTypes has been deprecated
[WARNING] /private/tmp/tika-tache2-initial-_r1kj3k2/tika-core/src/test/java/org/apache/tika/parser/ParserDecoratorTest.java:[117,28] withFallbacks(java.util.Collection<? extends org.apache.tika.parser.Parser>,java.util.Set<org.apache.tika.mime.MediaType>) in org.apache.tika.parser.ParserDecorator has been deprecated
[WARNING] /private/tmp/tika-tache2-initial-_r1kj3k2/tika-core/src/test/java/org/apache/tika/utils/ServiceLoaderUtilsTest.java:[45,48] org.apache.tika.detect.OverrideDetector in org.apache.tika.detect has been deprecated
[INFO] 
[INFO] --- surefire:3.5.6:test (default-cli) @ tika-core ---
[INFO] Using auto detected provider org.apache.maven.surefire.junitplatform.JUnitPlatformProvider
[INFO] 
[INFO] -------------------------------------------------------
[INFO]  T E S T S
[INFO] -------------------------------------------------------
[INFO] Running org.apache.tika.io.FilenameUtils_calculateExtension_10_0_Test
[ERROR] Tests run: 2, Failures: 1, Errors: 0, Skipped: 0, Time elapsed: 0.388 s <<< FAILURE! -- in org.apache.tika.io.FilenameUtils_calculateExtension_10_0_Test
[ERROR] org.apache.tika.io.FilenameUtils_calculateExtension_10_0_Test.testCalculateExtensionWithMimeType -- Time elapsed: 0.367 s <<< FAILURE!
org.opentest4j.AssertionFailedError: expected: <png> but was: <.png>
	at org.junit.jupiter.api.Assertions.assertEquals(Assertions.java:1199)
	at org.apache.tika.io.FilenameUtils_calculateExtension_10_0_Test.testCalculateExtensionWithMimeType(FilenameUtils_calculateExtension_10_0_Test.java:29)

[INFO] 
[INFO] Results:
[INFO] 
[ERROR] Failures: 
[ERROR]   FilenameUtils_calculateExtension_10_0_Test.testCalculateExtensionWithMimeType:29 expected: <png> but was: <.png>
[INFO] 
[ERROR] Tests run: 2, Failures: 1, Errors: 0, Skipped: 0
[INFO] 
[INFO] ------------------------------------------------------------------------
[INFO] BUILD FAILURE
[INFO] ------------------------------------------------------------------------
[INFO] Total time:  4.967 s
[INFO] Finished at: 2026-09-27T20:09:14-04:00
[INFO] ------------------------------------------------------------------------
[ERROR] Failed to execute goal org.apache.maven.plugins:maven-surefire-plugin:3.5.6:test (default-cli) on project tika-core: There are test failures.
[ERROR] 
[ERROR] See /private/tmp/tika-tache2-initial-_r1kj3k2/tika-core/target/surefire-reports for the individual test results.
[ERROR] See dump files (if any exist) [date].dump, [date]-jvmRun[N].dump and [date].dumpstream.
[ERROR] -> [Help 1]
[ERROR] 
[ERROR] To see the full stack trace of the errors, re-run Maven with the -e switch.
[ERROR] Re-run Maven using the -X switch to enable full debug logging.
[ERROR] 
[ERROR] For more information about the errors and possible solutions, please read the following articles:
[ERROR] [Help 1] http://cwiki.apache.org/confluence/display/MAVEN/MojoFailureException
