[INFO] Maveniverse Nisse 0.9.4 loaded
[INFO] Nisse injecting 23 properties into User Properties
[INFO] Scanning for projects...
[WARNING] 
[WARNING] Some problems were encountered while building the effective model for org.apache.tika:tika-parent:pom:4.0.0-SNAPSHOT
[WARNING] 'version' contains an expression but should be a constant. @ org.apache.tika:tika-parent:${revision}, /private/tmp/tika-tache2-initial-_r1kj3k2/tika-parent/pom.xml, line 34, column 12
[WARNING] 
[WARNING] Some problems were encountered while building the effective model for org.apache.tika:tika:pom:4.0.0-SNAPSHOT
[WARNING] 'version' contains an expression but should be a constant. @ org.apache.tika:tika-parent:${revision}, /private/tmp/tika-tache2-initial-_r1kj3k2/tika-parent/pom.xml, line 34, column 12
[WARNING] 
[WARNING] It is highly recommended to fix these problems because they threaten the stability of your build.
[WARNING] 
[WARNING] For this reason, future Maven versions might no longer support building such malformed projects.
[WARNING] 
[INFO] No need for inlining
[INFO] 
[INFO] ---------------------< org.apache.tika:tika-core >----------------------
[INFO] Building Apache Tika core 4.0.0-SNAPSHOT
[INFO]   from pom.xml
[INFO] -------------------------------[ bundle ]-------------------------------
[INFO] 
[INFO] --- compiler:3.15.0:testCompile (default-cli) @ tika-core ---
[INFO] Recompiling the module because of changed source code.
[INFO] Compiling 71 source files with javac [debug deprecation release 17] to target/test-classes
[WARNING] /private/tmp/tika-tache2-initial-_r1kj3k2/tika-core/src/test/java/org/apache/tika/mime/MimeTypesReaderTest.java:[296,37] getMimeType(java.lang.String) in org.apache.tika.mime.MimeTypes has been deprecated
[WARNING] /private/tmp/tika-tache2-initial-_r1kj3k2/tika-core/src/test/java/org/apache/tika/mime/MimeTypesReaderTest.java:[304,37] getMimeType(java.lang.String) in org.apache.tika.mime.MimeTypes has been deprecated
[WARNING] /private/tmp/tika-tache2-initial-_r1kj3k2/tika-core/src/test/java/org/apache/tika/parser/ParserDecoratorTest.java:[117,28] withFallbacks(java.util.Collection<? extends org.apache.tika.parser.Parser>,java.util.Set<org.apache.tika.mime.MediaType>) in org.apache.tika.parser.ParserDecorator has been deprecated
[WARNING] /private/tmp/tika-tache2-initial-_r1kj3k2/tika-core/src/test/java/org/apache/tika/utils/ServiceLoaderUtilsTest.java:[45,48] org.apache.tika.detect.OverrideDetector in org.apache.tika.detect has been deprecated
[INFO] 
[INFO] --- surefire:3.5.6:test (default-cli) @ tika-core ---
[INFO] Using auto detected provider org.apache.maven.surefire.junitplatform.JUnitPlatformProvider
[INFO] 
[INFO] -------------------------------------------------------
[INFO]  T E S T S
[INFO] -------------------------------------------------------
[INFO] Running org.apache.tika.io.FilenameUtils_resolveWithin_5_0_Test
[INFO] Tests run: 3, Failures: 0, Errors: 0, Skipped: 0, Time elapsed: 0.259 s -- in org.apache.tika.io.FilenameUtils_resolveWithin_5_0_Test
[INFO] 
[INFO] Results:
[INFO] 
[INFO] Tests run: 3, Failures: 0, Errors: 0, Skipped: 0
[INFO] 
[INFO] ------------------------------------------------------------------------
[INFO] BUILD SUCCESS
[INFO] ------------------------------------------------------------------------
[INFO] Total time:  3.939 s
[INFO] Finished at: 2026-09-27T20:13:56-04:00
[INFO] ------------------------------------------------------------------------
