[INFO] Maveniverse Nisse 0.9.4 loaded
[INFO] Nisse injecting 23 properties into User Properties
[INFO] Scanning for projects...
[WARNING] 
[WARNING] Some problems were encountered while building the effective model for org.apache.tika:tika-parent:pom:4.0.0-SNAPSHOT
[WARNING] 'version' contains an expression but should be a constant. @ org.apache.tika:tika-parent:${revision}, /private/tmp/tika-final-step2-wbf90_na/tika-parent/pom.xml, line 34, column 12
[WARNING] 
[WARNING] Some problems were encountered while building the effective model for org.apache.tika:tika:pom:4.0.0-SNAPSHOT
[WARNING] 'version' contains an expression but should be a constant. @ org.apache.tika:tika-parent:${revision}, /private/tmp/tika-final-step2-wbf90_na/tika-parent/pom.xml, line 34, column 12
[WARNING] 
[WARNING] It is highly recommended to fix these problems because they threaten the stability of your build.
[WARNING] 
[WARNING] For this reason, future Maven versions might no longer support building such malformed projects.
[WARNING] 
[INFO] No need for inlining
[INFO] 
[INFO] ---------------------< org.apache.tika:tika-core >----------------------
[INFO] Building Apache Tika core 4.0.0-SNAPSHOT
[INFO]   from pom.xml
[INFO] -------------------------------[ bundle ]-------------------------------
[INFO] 
[INFO] --- clean:3.5.0:clean (default-clean) @ tika-core ---
[INFO] Deleting /private/tmp/tika-final-step2-wbf90_na/tika-core/target
[INFO] 
[INFO] --- flatten:1.8.0:clean (flatten.clean) @ tika-core ---
[INFO] 
[INFO] --- resources:3.5.0:resources (default-cli) @ tika-core ---
[INFO] Copying 5 resources from src/main/resources to target/classes
[INFO] 
[INFO] --- compiler:3.15.0:compile (default-cli) @ tika-core ---
[INFO] Recompiling the module because of changed source code.
[INFO] Compiling 324 source files with javac [debug deprecation release 17] to target/classes
[WARNING] /private/tmp/tika-final-step2-wbf90_na/tika-core/src/main/java/org/apache/tika/config/package-info.java:[21,22] aQute.bnd.annotation.Version in aQute.bnd.annotation has been deprecated
[WARNING] /private/tmp/tika-final-step2-wbf90_na/tika-core/src/main/java/org/apache/tika/detect/package-info.java:[21,22] aQute.bnd.annotation.Version in aQute.bnd.annotation has been deprecated
[WARNING] /private/tmp/tika-final-step2-wbf90_na/tika-core/src/main/java/org/apache/tika/exception/package-info.java:[21,22] aQute.bnd.annotation.Version in aQute.bnd.annotation has been deprecated
[WARNING] /private/tmp/tika-final-step2-wbf90_na/tika-core/src/main/java/org/apache/tika/extractor/package-info.java:[21,22] aQute.bnd.annotation.Version in aQute.bnd.annotation has been deprecated
[WARNING] /private/tmp/tika-final-step2-wbf90_na/tika-core/src/main/java/org/apache/tika/io/package-info.java:[21,22] aQute.bnd.annotation.Version in aQute.bnd.annotation has been deprecated
[WARNING] /private/tmp/tika-final-step2-wbf90_na/tika-core/src/main/java/org/apache/tika/metadata/package-info.java:[21,22] aQute.bnd.annotation.Version in aQute.bnd.annotation has been deprecated
[WARNING] /private/tmp/tika-final-step2-wbf90_na/tika-core/src/main/java/org/apache/tika/mime/package-info.java:[21,22] aQute.bnd.annotation.Version in aQute.bnd.annotation has been deprecated
[WARNING] /private/tmp/tika-final-step2-wbf90_na/tika-core/src/main/java/org/apache/tika/package-info.java:[21,22] aQute.bnd.annotation.Version in aQute.bnd.annotation has been deprecated
[WARNING] /private/tmp/tika-final-step2-wbf90_na/tika-core/src/main/java/org/apache/tika/parser/package-info.java:[21,22] aQute.bnd.annotation.Version in aQute.bnd.annotation has been deprecated
[WARNING] /private/tmp/tika-final-step2-wbf90_na/tika-core/src/main/java/org/apache/tika/sax/package-info.java:[21,22] aQute.bnd.annotation.Version in aQute.bnd.annotation has been deprecated
[WARNING] /private/tmp/tika-final-step2-wbf90_na/tika-core/src/main/java/org/apache/tika/sax/xpath/package-info.java:[21,22] aQute.bnd.annotation.Version in aQute.bnd.annotation has been deprecated
[WARNING] /private/tmp/tika-final-step2-wbf90_na/tika-core/src/main/java/org/apache/tika/utils/package-info.java:[21,22] aQute.bnd.annotation.Version in aQute.bnd.annotation has been deprecated
[INFO] Processing @TikaComponent: org.apache.tika.config.EmbeddedLimits -> embedded-limits (SPI: false, contextKey: null, defaultFor: null)
[INFO] /private/tmp/tika-final-step2-wbf90_na/tika-core/src/main/java/org/apache/tika/config/EmbeddedLimits.java:[71,8] Class org.apache.tika.config.EmbeddedLimits is a parse-context component, adding to parse-context.idx
[INFO] Processing @TikaComponent: org.apache.tika.config.OutputLimits -> output-limits (SPI: false, contextKey: null, defaultFor: null)
[INFO] /private/tmp/tika-final-step2-wbf90_na/tika-core/src/main/java/org/apache/tika/config/OutputLimits.java:[65,8] Class org.apache.tika.config.OutputLimits is a parse-context component, adding to parse-context.idx
[INFO] Processing @TikaComponent: org.apache.tika.config.TimeoutLimits -> timeout-limits (SPI: false, contextKey: null, defaultFor: null)
[INFO] /private/tmp/tika-final-step2-wbf90_na/tika-core/src/main/java/org/apache/tika/config/TimeoutLimits.java:[54,8] Class org.apache.tika.config.TimeoutLimits is a parse-context component, adding to parse-context.idx
[INFO] Processing @TikaComponent: org.apache.tika.detect.BOMDetector -> bom-detector (SPI: false, contextKey: null, defaultFor: null)
[INFO] Auto-detected contextKey=org.apache.tika.detect.EncodingDetector for org.apache.tika.detect.BOMDetector
[INFO] Processing @TikaComponent: org.apache.tika.detect.DefaultDetector -> default-detector (SPI: false, contextKey: null, defaultFor: null)
[INFO] Auto-detected contextKey=org.apache.tika.detect.Detector for org.apache.tika.detect.DefaultDetector
[INFO] Processing @TikaComponent: org.apache.tika.detect.EmptyDetector -> empty-detector (SPI: false, contextKey: null, defaultFor: null)
[INFO] Auto-detected contextKey=org.apache.tika.detect.Detector for org.apache.tika.detect.EmptyDetector
[INFO] Processing @TikaComponent: org.apache.tika.detect.FileCommandDetector -> file-command-detector (SPI: false, contextKey: null, defaultFor: null)
[INFO] Auto-detected contextKey=org.apache.tika.detect.Detector for org.apache.tika.detect.FileCommandDetector
[INFO] Processing @TikaComponent: org.apache.tika.detect.MagicDetector -> magic-detector (SPI: false, contextKey: null, defaultFor: null)
[INFO] Auto-detected contextKey=org.apache.tika.detect.Detector for org.apache.tika.detect.MagicDetector
[INFO] Processing @TikaComponent: org.apache.tika.detect.MetadataCharsetDetector -> metadata-charset-detector (SPI: false, contextKey: null, defaultFor: null)
[INFO] Auto-detected contextKey=org.apache.tika.detect.EncodingDetector for org.apache.tika.detect.MetadataCharsetDetector
[INFO] Processing @TikaComponent: org.apache.tika.detect.OverrideEncodingDetector -> override-encoding-detector (SPI: false, contextKey: null, defaultFor: null)
[INFO] Auto-detected contextKey=org.apache.tika.detect.EncodingDetector for org.apache.tika.detect.OverrideEncodingDetector
[INFO] Processing @TikaComponent: org.apache.tika.extractor.SkipEmbeddedDocumentSelector -> skip-embedded-document-selector (SPI: true, contextKey: org.apache.tika.extractor.DocumentSelector, defaultFor: null)
[INFO] /private/tmp/tika-final-step2-wbf90_na/tika-core/src/main/java/org/apache/tika/extractor/SkipEmbeddedDocumentSelector.java:[30,8] Class org.apache.tika.extractor.SkipEmbeddedDocumentSelector is a parse-context component, adding to parse-context.idx
[INFO] Processing @TikaComponent: org.apache.tika.extractor.StandardExtractorFactory -> standard-extractor-factory (SPI: true, contextKey: null, defaultFor: null)
[INFO] /private/tmp/tika-final-step2-wbf90_na/tika-core/src/main/java/org/apache/tika/extractor/StandardExtractorFactory.java:[28,8] Class org.apache.tika.extractor.StandardExtractorFactory is a parse-context component, adding to parse-context.idx
[INFO] Processing @TikaComponent: org.apache.tika.io.SpoolingStrategy -> spooling-strategy (SPI: false, contextKey: null, defaultFor: null)
[INFO] /private/tmp/tika-final-step2-wbf90_na/tika-core/src/main/java/org/apache/tika/io/SpoolingStrategy.java:[47,8] Class org.apache.tika.io.SpoolingStrategy is a parse-context component, adding to parse-context.idx
[INFO] Processing @TikaComponent: org.apache.tika.language.translate.DefaultTranslator -> default-translator (SPI: true, contextKey: null, defaultFor: null)
[INFO] Auto-detected contextKey=org.apache.tika.language.translate.Translator for org.apache.tika.language.translate.DefaultTranslator
[INFO] Processing @TikaComponent: org.apache.tika.language.translate.EmptyTranslator -> empty-translator (SPI: true, contextKey: null, defaultFor: null)
[INFO] Auto-detected contextKey=org.apache.tika.language.translate.Translator for org.apache.tika.language.translate.EmptyTranslator
[INFO] Processing @TikaComponent: org.apache.tika.metadata.filter.CaptureGroupMetadataFilter -> capture-group-metadata-filter (SPI: true, contextKey: null, defaultFor: null)
[INFO] Auto-detected contextKey=org.apache.tika.metadata.filter.MetadataFilter for org.apache.tika.metadata.filter.CaptureGroupMetadataFilter
[INFO] Processing @TikaComponent: org.apache.tika.metadata.filter.ClearByAttachmentTypeMetadataFilter -> clear-by-attachment-type-metadata-filter (SPI: true, contextKey: null, defaultFor: null)
[INFO] Auto-detected contextKey=org.apache.tika.metadata.filter.MetadataFilter for org.apache.tika.metadata.filter.ClearByAttachmentTypeMetadataFilter
[INFO] Processing @TikaComponent: org.apache.tika.metadata.filter.DateNormalizingMetadataFilter -> date-normalizing-metadata-filter (SPI: true, contextKey: null, defaultFor: null)
[INFO] Auto-detected contextKey=org.apache.tika.metadata.filter.MetadataFilter for org.apache.tika.metadata.filter.DateNormalizingMetadataFilter
[INFO] Processing @TikaComponent: org.apache.tika.metadata.filter.ExcludeFieldMetadataFilter -> exclude-field-metadata-filter (SPI: true, contextKey: null, defaultFor: null)
[INFO] Auto-detected contextKey=org.apache.tika.metadata.filter.MetadataFilter for org.apache.tika.metadata.filter.ExcludeFieldMetadataFilter
[INFO] Processing @TikaComponent: org.apache.tika.metadata.filter.FieldNameMappingFilter -> field-name-mapping-filter (SPI: true, contextKey: null, defaultFor: null)
[INFO] Auto-detected contextKey=org.apache.tika.metadata.filter.MetadataFilter for org.apache.tika.metadata.filter.FieldNameMappingFilter
[INFO] Processing @TikaComponent: org.apache.tika.metadata.filter.GeoPointMetadataFilter -> geo-point-metadata-filter (SPI: true, contextKey: null, defaultFor: null)
[INFO] Auto-detected contextKey=org.apache.tika.metadata.filter.MetadataFilter for org.apache.tika.metadata.filter.GeoPointMetadataFilter
[INFO] Processing @TikaComponent: org.apache.tika.metadata.filter.IncludeFieldMetadataFilter -> include-field-metadata-filter (SPI: true, contextKey: null, defaultFor: null)
[INFO] Auto-detected contextKey=org.apache.tika.metadata.filter.MetadataFilter for org.apache.tika.metadata.filter.IncludeFieldMetadataFilter
[INFO] Processing @TikaComponent: org.apache.tika.metadata.filter.LegacyKeyMigrationFilter -> legacy-key-migration-filter (SPI: true, contextKey: null, defaultFor: null)
[INFO] Auto-detected contextKey=org.apache.tika.metadata.filter.MetadataFilter for org.apache.tika.metadata.filter.LegacyKeyMigrationFilter
[INFO] Processing @TikaComponent: org.apache.tika.metadata.filter.NoOpFilter -> no-op-filter (SPI: true, contextKey: null, defaultFor: null)
[INFO] Auto-detected contextKey=org.apache.tika.metadata.filter.MetadataFilter for org.apache.tika.metadata.filter.NoOpFilter
[INFO] Processing @TikaComponent: org.apache.tika.metadata.filter.RemoveByMimeMetadataFilter -> remove-by-mime-metadata-filter (SPI: true, contextKey: null, defaultFor: null)
[INFO] Auto-detected contextKey=org.apache.tika.metadata.filter.MetadataFilter for org.apache.tika.metadata.filter.RemoveByMimeMetadataFilter
[INFO] Processing @TikaComponent: org.apache.tika.metadata.writefilter.StandardMetadataLimiterFactory -> standard-metadata-limiter-factory (SPI: true, contextKey: org.apache.tika.metadata.writefilter.MetadataWriteLimiterFactory, defaultFor: null)
[INFO] /private/tmp/tika-final-step2-wbf90_na/tika-core/src/main/java/org/apache/tika/metadata/writefilter/StandardMetadataLimiterFactory.java:[50,8] Class org.apache.tika.metadata.writefilter.StandardMetadataLimiterFactory is a parse-context component, adding to parse-context.idx
[INFO] Processing @TikaComponent: org.apache.tika.mime.MimeTypes -> mime-types (SPI: false, contextKey: null, defaultFor: null)
[INFO] Auto-detected contextKey=org.apache.tika.detect.Detector for org.apache.tika.mime.MimeTypes
[INFO] Processing @TikaComponent: org.apache.tika.parser.AutoDetectParserConfig -> auto-detect-parser-config (SPI: false, contextKey: null, defaultFor: null)
[INFO] /private/tmp/tika-final-step2-wbf90_na/tika-core/src/main/java/org/apache/tika/parser/AutoDetectParserConfig.java:[38,8] Class org.apache.tika.parser.AutoDetectParserConfig is a parse-context component, adding to parse-context.idx
[INFO] Processing @TikaComponent: org.apache.tika.parser.DefaultParser -> default-parser (SPI: false, contextKey: null, defaultFor: null)
[INFO] Auto-detected contextKey=org.apache.tika.parser.Parser for org.apache.tika.parser.DefaultParser
[INFO] Processing @TikaComponent: org.apache.tika.parser.EmptyParser -> empty-parser (SPI: false, contextKey: null, defaultFor: null)
[INFO] Auto-detected contextKey=org.apache.tika.parser.Parser for org.apache.tika.parser.EmptyParser
[INFO] Processing @TikaComponent: org.apache.tika.parser.ErrorParser -> error-parser (SPI: false, contextKey: null, defaultFor: null)
[INFO] Auto-detected contextKey=org.apache.tika.parser.Parser for org.apache.tika.parser.ErrorParser
[INFO] Processing @TikaComponent: org.apache.tika.parser.RegexCaptureParser -> regex-capture-parser (SPI: false, contextKey: null, defaultFor: null)
[INFO] Auto-detected contextKey=org.apache.tika.parser.Parser for org.apache.tika.parser.RegexCaptureParser
[INFO] Processing @TikaComponent: org.apache.tika.parser.SimplePasswordProvider -> simple-password-provider (SPI: true, contextKey: org.apache.tika.parser.PasswordProvider, defaultFor: null)
[INFO] /private/tmp/tika-final-step2-wbf90_na/tika-core/src/main/java/org/apache/tika/parser/SimplePasswordProvider.java:[38,8] Class org.apache.tika.parser.SimplePasswordProvider is a parse-context component, adding to parse-context.idx
[INFO] Processing @TikaComponent: org.apache.tika.parser.external.ExternalParser -> external-parser (SPI: true, contextKey: null, defaultFor: null)
[INFO] Auto-detected contextKey=org.apache.tika.parser.Parser for org.apache.tika.parser.external.ExternalParser
[INFO] Processing @TikaComponent: org.apache.tika.sax.BasicContentHandlerFactory -> basic-content-handler-factory (SPI: true, contextKey: null, defaultFor: org.apache.tika.sax.ContentHandlerFactory)
[INFO] /private/tmp/tika-final-step2-wbf90_na/tika-core/src/main/java/org/apache/tika/sax/BasicContentHandlerFactory.java:[40,8] Class org.apache.tika.sax.BasicContentHandlerFactory is a parse-context component, adding to parse-context.idx
[INFO] Processing @TikaComponent: org.apache.tika.sax.SAXOutputConfig -> sax-output-config (SPI: false, contextKey: null, defaultFor: null)
[INFO] /private/tmp/tika-final-step2-wbf90_na/tika-core/src/main/java/org/apache/tika/sax/SAXOutputConfig.java:[31,8] Class org.apache.tika.sax.SAXOutputConfig is a parse-context component, adding to parse-context.idx
[WARNING] /private/tmp/tika-final-step2-wbf90_na/tika-core/src/main/java/org/apache/tika/config/package-info.java:[21,22] aQute.bnd.annotation.Version in aQute.bnd.annotation has been deprecated
[WARNING] /private/tmp/tika-final-step2-wbf90_na/tika-core/src/main/java/org/apache/tika/detect/package-info.java:[21,22] aQute.bnd.annotation.Version in aQute.bnd.annotation has been deprecated
[WARNING] /private/tmp/tika-final-step2-wbf90_na/tika-core/src/main/java/org/apache/tika/exception/package-info.java:[21,22] aQute.bnd.annotation.Version in aQute.bnd.annotation has been deprecated
[WARNING] /private/tmp/tika-final-step2-wbf90_na/tika-core/src/main/java/org/apache/tika/extractor/package-info.java:[21,22] aQute.bnd.annotation.Version in aQute.bnd.annotation has been deprecated
[WARNING] /private/tmp/tika-final-step2-wbf90_na/tika-core/src/main/java/org/apache/tika/io/package-info.java:[21,22] aQute.bnd.annotation.Version in aQute.bnd.annotation has been deprecated
[WARNING] /private/tmp/tika-final-step2-wbf90_na/tika-core/src/main/java/org/apache/tika/metadata/package-info.java:[21,22] aQute.bnd.annotation.Version in aQute.bnd.annotation has been deprecated
[WARNING] /private/tmp/tika-final-step2-wbf90_na/tika-core/src/main/java/org/apache/tika/mime/package-info.java:[21,22] aQute.bnd.annotation.Version in aQute.bnd.annotation has been deprecated
[WARNING] /private/tmp/tika-final-step2-wbf90_na/tika-core/src/main/java/org/apache/tika/package-info.java:[21,22] aQute.bnd.annotation.Version in aQute.bnd.annotation has been deprecated
[WARNING] /private/tmp/tika-final-step2-wbf90_na/tika-core/src/main/java/org/apache/tika/parser/package-info.java:[21,22] aQute.bnd.annotation.Version in aQute.bnd.annotation has been deprecated
[WARNING] /private/tmp/tika-final-step2-wbf90_na/tika-core/src/main/java/org/apache/tika/sax/package-info.java:[21,22] aQute.bnd.annotation.Version in aQute.bnd.annotation has been deprecated
[WARNING] /private/tmp/tika-final-step2-wbf90_na/tika-core/src/main/java/org/apache/tika/sax/xpath/package-info.java:[21,22] aQute.bnd.annotation.Version in aQute.bnd.annotation has been deprecated
[WARNING] /private/tmp/tika-final-step2-wbf90_na/tika-core/src/main/java/org/apache/tika/utils/package-info.java:[21,22] aQute.bnd.annotation.Version in aQute.bnd.annotation has been deprecated
[INFO] Generated SPI file: META-INF/services/org.apache.tika.language.translate.Translator with 2 implementations
[INFO] Generated SPI file: META-INF/services/org.apache.tika.parser.Parser with 1 implementations
[INFO] Generated SPI file: META-INF/services/org.apache.tika.metadata.filter.MetadataFilter with 10 implementations
[INFO] Generated index file: META-INF/tika/encoding-detectors.idx with 3 components
[INFO] Generated index file: META-INF/tika/translators.idx with 2 components
[INFO] Generated index file: META-INF/tika/metadata-filters.idx with 10 components
[INFO] Generated index file: META-INF/tika/parse-context.idx with 11 components
[INFO] Generated index file: META-INF/tika/parsers.idx with 5 components
[INFO] Generated index file: META-INF/tika/detectors.idx with 5 components
[WARNING] /private/tmp/tika-final-step2-wbf90_na/tika-core/src/main/java/org/apache/tika/config/package-info.java:[21,22] aQute.bnd.annotation.Version in aQute.bnd.annotation has been deprecated
[WARNING] /private/tmp/tika-final-step2-wbf90_na/tika-core/src/main/java/org/apache/tika/detect/package-info.java:[21,22] aQute.bnd.annotation.Version in aQute.bnd.annotation has been deprecated
[WARNING] /private/tmp/tika-final-step2-wbf90_na/tika-core/src/main/java/org/apache/tika/exception/package-info.java:[21,22] aQute.bnd.annotation.Version in aQute.bnd.annotation has been deprecated
[WARNING] /private/tmp/tika-final-step2-wbf90_na/tika-core/src/main/java/org/apache/tika/extractor/package-info.java:[21,22] aQute.bnd.annotation.Version in aQute.bnd.annotation has been deprecated
[WARNING] /private/tmp/tika-final-step2-wbf90_na/tika-core/src/main/java/org/apache/tika/io/package-info.java:[21,22] aQute.bnd.annotation.Version in aQute.bnd.annotation has been deprecated
[WARNING] /private/tmp/tika-final-step2-wbf90_na/tika-core/src/main/java/org/apache/tika/metadata/package-info.java:[21,22] aQute.bnd.annotation.Version in aQute.bnd.annotation has been deprecated
[WARNING] /private/tmp/tika-final-step2-wbf90_na/tika-core/src/main/java/org/apache/tika/mime/package-info.java:[21,22] aQute.bnd.annotation.Version in aQute.bnd.annotation has been deprecated
[WARNING] /private/tmp/tika-final-step2-wbf90_na/tika-core/src/main/java/org/apache/tika/package-info.java:[21,22] aQute.bnd.annotation.Version in aQute.bnd.annotation has been deprecated
[WARNING] /private/tmp/tika-final-step2-wbf90_na/tika-core/src/main/java/org/apache/tika/parser/package-info.java:[21,22] aQute.bnd.annotation.Version in aQute.bnd.annotation has been deprecated
[WARNING] /private/tmp/tika-final-step2-wbf90_na/tika-core/src/main/java/org/apache/tika/sax/package-info.java:[21,22] aQute.bnd.annotation.Version in aQute.bnd.annotation has been deprecated
[WARNING] /private/tmp/tika-final-step2-wbf90_na/tika-core/src/main/java/org/apache/tika/sax/xpath/package-info.java:[21,22] aQute.bnd.annotation.Version in aQute.bnd.annotation has been deprecated
[WARNING] /private/tmp/tika-final-step2-wbf90_na/tika-core/src/main/java/org/apache/tika/utils/package-info.java:[21,22] aQute.bnd.annotation.Version in aQute.bnd.annotation has been deprecated
[WARNING] /private/tmp/tika-final-step2-wbf90_na/tika-core/src/main/java/org/apache/tika/detect/DefaultDetector.java:[122,37] org.apache.tika.detect.OverrideDetector in org.apache.tika.detect has been deprecated
[WARNING] /private/tmp/tika-final-step2-wbf90_na/tika-core/src/main/java/org/apache/tika/mime/ProbabilisticMimeDetectionSelector.java:[164,36] getMimeType(java.lang.String) in org.apache.tika.mime.MimeTypes has been deprecated
[WARNING] /private/tmp/tika-final-step2-wbf90_na/tika-core/src/main/java/org/apache/tika/sax/RecursiveParserWrapperHandler.java:[157,44] TIKA_CONTENT_HANDLER in org.apache.tika.metadata.TikaCoreProperties has been deprecated
[INFO] /private/tmp/tika-final-step2-wbf90_na/tika-core/src/main/java/org/apache/tika/config/ServiceLoader.java: Some input files use unchecked or unsafe operations.
[INFO] /private/tmp/tika-final-step2-wbf90_na/tika-core/src/main/java/org/apache/tika/config/ServiceLoader.java: Recompile with -Xlint:unchecked for details.
[INFO] 
[INFO] --- resources:3.5.0:testResources (default-cli) @ tika-core ---
[INFO] Copying 57 resources from src/test/resources to target/test-classes
[INFO] 
[INFO] --- compiler:3.15.0:testCompile (default-cli) @ tika-core ---
[INFO] Recompiling the module because of changed dependency.
[INFO] Compiling 113 source files with javac [debug deprecation release 17] to target/test-classes
[INFO] -------------------------------------------------------------
[WARNING] COMPILATION WARNING : 
[INFO] -------------------------------------------------------------
[WARNING] /private/tmp/tika-final-step2-wbf90_na/tika-core/src/test/java/org/apache/tika/mime/MimeTypesReaderTest.java:[296,37] getMimeType(java.lang.String) in org.apache.tika.mime.MimeTypes has been deprecated
[WARNING] /private/tmp/tika-final-step2-wbf90_na/tika-core/src/test/java/org/apache/tika/mime/MimeTypesReaderTest.java:[304,37] getMimeType(java.lang.String) in org.apache.tika.mime.MimeTypes has been deprecated
[WARNING] /private/tmp/tika-final-step2-wbf90_na/tika-core/src/test/java/org/apache/tika/parser/ParserDecoratorTest.java:[117,28] withFallbacks(java.util.Collection<? extends org.apache.tika.parser.Parser>,java.util.Set<org.apache.tika.mime.MediaType>) in org.apache.tika.parser.ParserDecorator has been deprecated
[WARNING] /private/tmp/tika-final-step2-wbf90_na/tika-core/src/test/java/org/apache/tika/utils/ServiceLoaderUtilsTest.java:[45,48] org.apache.tika.detect.OverrideDetector in org.apache.tika.detect has been deprecated
[INFO] 4 warnings 
[INFO] -------------------------------------------------------------
[INFO] -------------------------------------------------------------
[ERROR] COMPILATION ERROR : 
[INFO] -------------------------------------------------------------
[ERROR] /private/tmp/tika-final-step2-wbf90_na/tika-core/src/test/java/org/apache/tika/io/EndianUtils_readIntBE_7_1_Test.java:[52,55] unreported exception org.apache.tika.io.EndianUtils.BufferUnderrunException; must be caught or declared to be thrown
[INFO] 1 error
[INFO] -------------------------------------------------------------
[INFO] ------------------------------------------------------------------------
[INFO] BUILD FAILURE
[INFO] ------------------------------------------------------------------------
[INFO] Total time:  6.139 s
[INFO] Finished at: 2026-10-08T10:05:25-04:00
[INFO] ------------------------------------------------------------------------
[ERROR] Failed to execute goal org.apache.maven.plugins:maven-compiler-plugin:3.15.0:testCompile (default-cli) on project tika-core: Compilation failure
[ERROR] /private/tmp/tika-final-step2-wbf90_na/tika-core/src/test/java/org/apache/tika/io/EndianUtils_readIntBE_7_1_Test.java:[52,55] unreported exception org.apache.tika.io.EndianUtils.BufferUnderrunException; must be caught or declared to be thrown
[ERROR] -> [Help 1]
[ERROR] 
[ERROR] To see the full stack trace of the errors, re-run Maven with the -e switch.
[ERROR] Re-run Maven using the -X switch to enable full debug logging.
[ERROR] 
[ERROR] For more information about the errors and possible solutions, please read the following articles:
[ERROR] [Help 1] http://cwiki.apache.org/confluence/display/MAVEN/MojoFailureException
